[
["Crime", "The Godfather"],
["Drama", "The Shawshank Redemption"],
["Sci Fi", "Inception"],
["Action", "The Dark Knight"],
["Drama", "Forrest Gump"],
["Crime", "Pulp Fiction"],
["Sci Fi", "The Matrix"],
["Fantasy", "The Lord of the Rings: The Fellowship of the Ring"],
["Historical Drama", "Schindler s List"],
["Sci Fi", "Star Wars: Episode IV   A New Hope"],
["Adventure", "Jurassic Park"],
["Animation", "The Lion King"],
["Romance", "Titanic"],
["Superhero", "Avengers: Endgame"],
["Thriller", "The Silence of the Lambs"],
["War", "Saving Private Ryan"],
["Crime", "Goodfellas"],
["Biography", "The Social Network"],
["Sci Fi", "Interstellar"],
["Comedy", "The Grand Budapest Hotel"],
["Animation", "Spirited Away"],
["Animation", "Finding Nemo"],
["Animation", "Toy Story"],
["Superhero", "Black Panther"],
["Horror", "Get Out"],
["Thriller", "Parasite"],
["Drama", "Whiplash"],
["Musical", "La La Land"],
["Biography", "The Wolf of Wall Street"],
["Western", "Django Unchained"],
["Comedy Drama", "Once Upon a Time in Hollywood"],
["Animation", "Frozen"],
["Animation", "Coco"],
["Superhero", "The Avengers"],
["Sci Fi", "Guardians of the Galaxy"],
["Action", "Mad Max: Fury Road"],
["Mystery", "Shutter Island"],
["Crime", "The Departed"],
["Thriller", "The Prestige"],
["Comedy", "The Big Lebowski"],
["Thriller", "Jaws"],
["Horror", "It"],
["Horror", "A Quiet Place"],
["Horror", "The Conjuring"],
["Horror", "Hereditary"],
["Horror", "The Exorcist"],
["Teen", "The Breakfast Club"],
["Sci Fi", "Back to the Future"],
["Action", "Gladiator"],
["Historical Drama", "Braveheart"],
["Action", "300"],
["Drama", "The Truman Show"],
["Drama", "Cast Away"],
["Sci Fi", "E.T. the Extra Terrestrial"],
["Sports", "Rocky"],
["Biography", "The Pursuit of Happyness"],
["Romance", "The Notebook"],
["Romance", "Pretty Woman"],
["Romance", "Pride and Prejudice"],
["Romance", "The Fault in Our Stars"],
["Musical", "A Star Is Born"],
["Musical", "Mamma Mia"],
["Biography", "Bohemian Rhapsody"],
["Biography", "Rocketman"],
["Drama", "Slumdog Millionaire"],
["Romantic Comedy", "Amélie"],
["Fantasy", "The Shape of Water"],
["Fantasy", "Pan s Labyrinth"],
["Sci Fi", "Blade Runner"],
["Sci Fi", "The Fifth Element"],
["Superhero", "Logan"],
["Animation", "The Incredibles"],
["Animation", "Up"],
["Animation", "Ratatouille"],
["Animation", "Zootopia"],
["Animation", "Moana"],
["Animation", "The LEGO Movie"],
["Animation", "Shrek"],
["Animation", "Kung Fu Panda"],
["Animation", "How to Train Your Dragon"],
["Animation", "Sing"],
["Animation", "Ice Age"],
["Animation", "The Secret Life of Pets"],
["Adventure", "The Jungle Book"],
["Sci Fi", "The Hunger Games"],
["Romance", "Twilight"],
["Sci Fi", "The Maze Runner"],
["Sci Fi", "Divergent"],
["Fantasy", "The Chronicles of Narnia"],
["Fantasy", "Harry Potter and the Sorcerer s Stone"],
["Fantasy", "Fantastic Beasts and Where to Find Them"],
["Fantasy", "Maleficent"],
["Fantasy", "Alice in Wonderland"],
["Adventure", "Pirates of the Caribbean: The Curse of the Black Pearl"],
["Adventure", "The Revenant"],
["Western", "The Hateful Eight"],
["Thriller", "No Country for Old Men"],
["Crime", "Fargo"],
["Thriller", "American Psycho"],
["Drama", "Fight Club"],
["Thriller", "Seven"],
["Mystery", "Zodiac"],
["Thriller", "Gone Girl"],
["Thriller", "Prisoners"],
["Sci Fi", "Arrival"],
["Sci Fi", "Gravity"],
["Drama", "Birdman"],
["Crime", "The Irishman"],
["Drama", "Roma"],
["Western", "The Power of the Dog"],
["Sci Fi", "Dune"],
["Crime", "The Irishman"],
["Thriller", "The Manchurian Candidate"],
["Romance", "Gone with the Wind"],
["Romance", "Casablanca"],
["Drama", "12 Angry Men"],
["Biography", "Raging Bull"],
["Drama", "One Flew Over the Cuckoo's Nest"],
["War", "The Bridge on the River Kwai"],
["Adventure", "Lawrence of Arabia"],
["Drama", "To Kill a Mockingbird"],
["War", "Apocalypse Now"],
["Historical Drama", "The Pianist"],
["Biography", "A Beautiful Mind"],
["Biography", "The King's Speech"],
["Comedy-Drama", "The Big Short"],
["Action", "No Time to Die"],
["Mystery", "Knives Out"],
["Mystery", "The Girl with the Dragon Tattoo"],
["Action", "The Bourne Identity"],
["Action", "The Bourne Ultimatum"],
["Action", "Skyfall"],
["Action", "Spectre"],
["War", "The Grand Illusion"],
["Adventure", "The Great Escape"],
["Comedy", "Dr. Strangelove"],
["Sports", "The Fighter"],
["Crime", "American Hustle"],
["Horror", "Bird Box"],
["Historical Drama", "The Trial of the Chicago 7"],
["Biography", "The Theory of Everything"],
["Biography", "Hidden Figures"],
["Biography", "Spotlight"],
["Thriller", "Argo"],
["Biography", "The Imitation Game"],
["Drama", "The Post"],
["Historical Drama", "Lincoln"],
["Drama", "The Help"],
["Historical Drama", "12 Years a Slave"],
["Fantasy", "The Green Mile"],
["Crime", "The Town"],
["Thriller", "Primal Fear"],
["Crime", "Training Day"],
["Thriller", "Collateral"],
["Action", "The Equalizer"],
["Thriller", "Man on Fire"],
["Western", "Unforgiven"],
["Western", "The Outlaw Josey Wales"],
["Western", "True Grit"],
["Western", "The Assassination of Jesse James by the Coward Robert Ford"],
["Western", "The Magnificent Seven"],
["Western", "The Good, the Bad and the Ugly"],
["Western", "Once Upon a Time in the West"],
["Found Family", "The Bonds We Forge"],
["Found Family", "A Place to Call Home"],
["Found Family", "Threads of Destiny"],
["Found Family", "Our Journey Together"],
["Found Family", "Hearts United"],
["Tsundere", "The Opposite of Love"],
["Tsundere", "Hot and Cold Hearts"],
["Tsundere", "Bickering Beneath the Stars"],
["Tsundere", "Sparks of Affection"],
["Tsundere", "Blushing Confessions"],
["Battle School", "Academy of Power"],
["Battle School", "Rising Through the Ranks"],
["Battle School", "Warrior's Resolve"],
["Battle School", "Clash of the Prodigies"],
["Battle School", "The Final Duel"],
["Isekai", "Another World Another Life"],
["Isekai", "Reborn as a Hero"],
["Isekai", "Portal to the Unknown"],
["Isekai", "The Lost Kingdom"],
["Isekai", "Quest Beyond the Stars"],
["Post-Apocalyptic", "Echoes of the End"],
["Post-Apocalyptic", "Survivors of the Void"],
["Post-Apocalyptic", "Ashes of Tomorrow"],
["Post-Apocalyptic", "The Last Safe Haven"],
["Post-Apocalyptic", "Life After the Collapse"]
]
