[
["The Godfather", "Crime"],
["The Shawshank Redemption", "Drama"],
["Inception", "Sci Fi"],
["The Dark Knight", "Action"],
["Forrest Gump", "Drama"],
["Pulp Fiction", "Crime"],
["The Matrix", "Sci Fi"],
["The Lord of the Rings: The Fellowship of the Ring", "Fantasy"],
["Schindler s List", "Historical Drama"],
["Star Wars: Episode IV   A New Hope", "Sci Fi"],
["Jurassic Park", "Adventure"],
["The Lion King", "Animation"],
["Titanic", "Romance"],
["Avengers: Endgame", "Superhero"],
["The Silence of the Lambs", "Thriller"],
["Saving Private Ryan", "War"],
["Goodfellas", "Crime"],
["The Social Network", "Biography"],
["Interstellar", "Sci Fi"],
["The Grand Budapest Hotel", "Comedy"],
["Spirited Away", "Animation"],
["Finding Nemo", "Animation"],
["Toy Story", "Animation"],
["Black Panther", "Superhero"],
["Get Out", "Horror"],
["Parasite", "Thriller"],
["Whiplash", "Drama"],
["La La Land", "Musical"],
["The Wolf of Wall Street", "Biography"],
["Django Unchained", "Western"],
["Once Upon a Time in Hollywood", "Comedy Drama"],
["Frozen", "Animation"],
["Coco", "Animation"],
["The Avengers", "Superhero"],
["Guardians of the Galaxy", "Sci Fi"],
["Mad Max: Fury Road", "Action"],
["Shutter Island", "Mystery"],
["The Departed", "Crime"],
["The Prestige", "Thriller"],
["The Big Lebowski", "Comedy"],
["Jaws", "Thriller"],
["It", "Horror"],
["A Quiet Place", "Horror"],
["The Conjuring", "Horror"],
["Hereditary", "Horror"],
["The Exorcist", "Horror"],
["The Breakfast Club", "Teen"],
["Back to the Future", "Sci Fi"],
["Gladiator", "Action"],
["Braveheart", "Historical Drama"],
["300", "Action"],
["The Truman Show", "Drama"],
["Cast Away", "Drama"],
["E.T. the Extra Terrestrial", "Sci Fi"],
["Rocky", "Sports"],
["The Pursuit of Happyness", "Biography"],
["The Notebook", "Romance"],
["Pretty Woman", "Romance"],
["Pride and Prejudice", "Romance"],
["The Fault in Our Stars", "Romance"],
["A Star Is Born", "Musical"],
["Mamma Mia", "Musical"],
["Bohemian Rhapsody", "Biography"],
["Rocketman", "Biography"],
["Slumdog Millionaire", "Drama"],
["Amélie", "Romantic Comedy"],
["The Shape of Water", "Fantasy"],
["Pan s Labyrinth", "Fantasy"],
["Blade Runner", "Sci Fi"],
["The Fifth Element", "Sci Fi"],
["Logan", "Superhero"],
["The Incredibles", "Animation"],
["Up", "Animation"],
["Ratatouille", "Animation"],
["Zootopia", "Animation"],
["Moana", "Animation"],
["The LEGO Movie", "Animation"],
["Shrek", "Animation"],
["Kung Fu Panda", "Animation"],
["How to Train Your Dragon", "Animation"],
["Sing", "Animation"],
["Ice Age", "Animation"],
["The Secret Life of Pets", "Animation"],
["The Jungle Book", "Adventure"],
["The Hunger Games", "Sci Fi"],
["Twilight", "Romance"],
["The Maze Runner", "Sci Fi"],
["Divergent", "Sci Fi"],
["The Chronicles of Narnia", "Fantasy"],
["Harry Potter and the Sorcerer s Stone", "Fantasy"],
["Fantastic Beasts and Where to Find Them", "Fantasy"],
["Maleficent", "Fantasy"],
["Alice in Wonderland", "Fantasy"],
["Pirates of the Caribbean: The Curse of the Black Pearl", "Adventure"],
["The Revenant", "Adventure"],
["The Hateful Eight", "Western"],
["No Country for Old Men", "Thriller"],
["Fargo", "Crime"],
["American Psycho", "Thriller"],
["Fight Club", "Drama"],
["Seven", "Thriller"],
["Zodiac", "Mystery"],
["Gone Girl", "Thriller"],
["Prisoners", "Thriller"],
["Arrival", "Sci Fi"],
["Gravity", "Sci Fi"],
["Birdman", "Drama"],
["The Irishman", "Crime"],
["Roma", "Drama"],
["The Power of the Dog", "Western"],
["Dune", "Sci Fi"],
["The Irishman", "Crime"],
["The Manchurian Candidate", "Thriller"],
["Gone with the Wind", "Romance"],
["Casablanca", "Romance"],
["12 Angry Men", "Drama"],
["Raging Bull", "Biography"],
["One Flew Over the Cuckoo's Nest", "Drama"],
["The Bridge on the River Kwai", "War"],
["Lawrence of Arabia", "Adventure"],
["To Kill a Mockingbird", "Drama"],
["Apocalypse Now", "War"],
["The Pianist", "Historical Drama"],
["A Beautiful Mind", "Biography"],
["The King's Speech", "Biography"],
["The Big Short", "Comedy-Drama"],
["No Time to Die", "Action"],
["Knives Out", "Mystery"],
["The Girl with the Dragon Tattoo", "Mystery"],
["The Bourne Identity", "Action"],
["The Bourne Ultimatum", "Action"],
["Skyfall", "Action"],
["Spectre", "Action"],
["The Grand Illusion", "War"],
["The Great Escape", "Adventure"],
["Dr. Strangelove", "Comedy"],
["The Fighter", "Sports"],
["American Hustle", "Crime"],
["Bird Box", "Horror"],
["The Trial of the Chicago 7", "Historical Drama"],
["The Theory of Everything", "Biography"],
["Hidden Figures", "Biography"],
["Spotlight", "Biography"],
["Argo", "Thriller"],
["The Imitation Game", "Biography"],
["The Post", "Drama"],
["Lincoln", "Historical Drama"],
["The Help", "Drama"],
["12 Years a Slave", "Historical Drama"],
["The Green Mile", "Fantasy"],
["The Town", "Crime"],
["Primal Fear", "Thriller"],
["Training Day", "Crime"],
["Collateral", "Thriller"],
["The Equalizer", "Action"],
["Man on Fire", "Thriller"],
["Unforgiven", "Western"],
["The Outlaw Josey Wales", "Western"],
["True Grit", "Western"],
["The Assassination of Jesse James by the Coward Robert Ford", "Western"],
["The Magnificent Seven", "Western"],
["The Good, the Bad and the Ugly", "Western"],
["Once Upon a Time in the West", "Western"],
["The Bonds We Forge", "Found Family"],
["A Place to Call Home", "Found Family"],
["Threads of Destiny", "Found Family"],
["Our Journey Together", "Found Family"],
["Hearts United", "Found Family"],
["The Opposite of Love", "Tsundere"],
["Hot and Cold Hearts", "Tsundere"],
["Bickering Beneath the Stars", "Tsundere"],
["Sparks of Affection", "Tsundere"],
["Blushing Confessions", "Tsundere"],
["Academy of Power", "Battle School"],
["Rising Through the Ranks", "Battle School"],
["Warrior's Resolve", "Battle School"],
["Clash of the Prodigies", "Battle School"],
["The Final Duel", "Battle School"],
["Another World Another Life", "Isekai"],
["Reborn as a Hero", "Isekai"],
["Portal to the Unknown", "Isekai"],
["The Lost Kingdom", "Isekai"],
["Quest Beyond the Stars", "Isekai"],
["Echoes of the End", "Post-Apocalyptic"],
["Survivors of the Void", "Post-Apocalyptic"],
["Ashes of Tomorrow", "Post-Apocalyptic"],
["The Last Safe Haven", "Post-Apocalyptic"],
["Life After the Collapse", "Post-Apocalyptic"]
]
